Caught exception with code 45-induced failure code '45' 'label-1' iteration=1
Caught exception with code 4-induced failure code '4' 'label-2' iteration=2
Caught exception with code 327707-induced failure code '327707' 'label-3' iteration=3
Failure signalled with label 'label-5'
