# test1 test2 test[1-2]a test[1-2]b
test1 test1a test1b test2 test2a test2b 
# host[01-36] - host[20-35]
host01 host02 host03 host04 host05 host06 host07 host08 host09 host10 host11 host12 host13 host14 host15 host16 host17 host18 host19 host36 
# (host[01-36].hypertable.com - host17.hypertable.com) - host[20-35].hypertable.com
host01.hypertable.com host02.hypertable.com host03.hypertable.com host04.hypertable.com host05.hypertable.com host06.hypertable.com host07.hypertable.com host08.hypertable.com host09.hypertable.com host10.hypertable.com host11.hypertable.com host12.hypertable.com host13.hypertable.com host14.hypertable.com host15.hypertable.com host16.hypertable.com host18.hypertable.com host19.hypertable.com host36.hypertable.com 
# (host[01-15].hypertable.com) + (host[20-35].hypertable.com - host29.hypertable.com)
host01.hypertable.com host02.hypertable.com host03.hypertable.com host04.hypertable.com host05.hypertable.com host06.hypertable.com host07.hypertable.com host08.hypertable.com host09.hypertable.com host10.hypertable.com host11.hypertable.com host12.hypertable.com host13.hypertable.com host14.hypertable.com host15.hypertable.com host20.hypertable.com host21.hypertable.com host22.hypertable.com host23.hypertable.com host24.hypertable.com host25.hypertable.com host26.hypertable.com host27.hypertable.com host28.hypertable.com host30.hypertable.com host31.hypertable.com host32.hypertable.com host33.hypertable.com host34.hypertable.com host35.hypertable.com 
# host[1-17]
host1 host2 host3 host4 host5 host6 host7 host8 host9 host10 host11 host12 host13 host14 host15 host16 host17 
# host[7-9] + host10
host7 host8 host9 host10 
# host[7-9]
host10
host7 host8 host9 host10 
# host1, host2, host3
host1 host2 host3 
# host[01-10] - host07
host01 host02 host03 host04 host05 host06 host08 host09 host10 
# host[01-10] -host07
host01 host02 host03 host04 host05 host06 host08 host09 host10 
# ht-rel-css-slave[21-25]
ht-rel-css-slave21 ht-rel-css-slave22 ht-rel-css-slave23 ht-rel-css-slave24 ht-rel-css-slave25 
# test1 test~2 test3
Invalid host specification: Invalid character '~' encountered at position 11
# test[a-07]
Invalid host specification: Invalid character 'a' in range pattern at position 6
# test[0a-07]
Invalid host specification: Invalid character 'a' in range pattern at position 7
# test[08]
Invalid host specification: Missing range separation character '-' at position 8
# test[08-a]
Invalid host specification: Invalid character 'a' in range pattern at position 9
# test[08-020]
Invalid host specification: Fixed-width numeric range specifiers must be of equal length (position 5)
# test[
Invalid host specification: Truncated range pattern at position 6
# test[08
Invalid host specification: Truncated range pattern at position 8
# test[08-
Invalid host specification: Truncated range pattern at position 9
# test[08-10
Invalid host specification: Truncated range pattern at position 11
# test[0	8-10]
Invalid host specification: Invalid character '8' in range pattern at position 8
# - host[01-30]
Invalid host specification: Missing operand for '-' operator at position 1
# + host[01-30]
Invalid host specification: Missing operand for '+' operator at position 1
# (- host[01-30])
Invalid host specification: Missing operand for '-' operator at position 2
# (+ host[01-30])
Invalid host specification: Missing operand for '+' operator at position 2
# host[01-30] -
Invalid host specification: Missing operand for '-' operator at position 13
# host[01-30] +
Invalid host specification: Missing operand for '+' operator at position 13
# (host[01-30] -)
Invalid host specification: Missing operand for '-' operator at position 15
# (host[01-30] +)
Invalid host specification: Missing operand for '+' operator at position 15
Invalid host specification: Invalid character 0x1 in range pattern at position 6
Invalid host specification: Invalid character 0x2 in range pattern at position 6
Invalid host specification: Invalid character 0x3 in range pattern at position 6
Invalid host specification: Invalid character 0x4 in range pattern at position 6
Invalid host specification: Invalid character 0x5 in range pattern at position 6
Invalid host specification: Invalid character 0x6 in range pattern at position 6
Invalid host specification: Invalid character '\a' in range pattern at position 6
Invalid host specification: Invalid character '\b' in range pattern at position 6
Invalid host specification: Truncated range pattern at position 7
Invalid host specification: Truncated range pattern at position 7
Invalid host specification: Truncated range pattern at position 7
Invalid host specification: Truncated range pattern at position 7
Invalid host specification: Truncated range pattern at position 7
Invalid host specification: Invalid character 0xe in range pattern at position 6
Invalid host specification: Invalid character 0xf in range pattern at position 6
Invalid host specification: Invalid character 0x10 in range pattern at position 6
Invalid host specification: Invalid character 0x11 in range pattern at position 6
Invalid host specification: Invalid character 0x12 in range pattern at position 6
Invalid host specification: Invalid character 0x13 in range pattern at position 6
Invalid host specification: Invalid character 0x14 in range pattern at position 6
Invalid host specification: Invalid character 0x15 in range pattern at position 6
Invalid host specification: Invalid character 0x16 in range pattern at position 6
Invalid host specification: Invalid character 0x17 in range pattern at position 6
Invalid host specification: Invalid character 0x18 in range pattern at position 6
Invalid host specification: Invalid character 0x19 in range pattern at position 6
Invalid host specification: Invalid character 0x1a in range pattern at position 6
Invalid host specification: Invalid character 0x1b in range pattern at position 6
Invalid host specification: Invalid character 0x1c in range pattern at position 6
Invalid host specification: Invalid character 0x1d in range pattern at position 6
Invalid host specification: Invalid character 0x1e in range pattern at position 6
Invalid host specification: Invalid character 0x1f in range pattern at position 6
