Wed Dec 25 01:59:01 2013
Wed Dec 25 02:00:01 2013
Wed Dec 25 02:01:01 2013
Wed Dec 25 02:02:01 2013
Wed Dec 25 02:03:01 2013
Wed Dec 25 02:04:01 2013
Wed Dec 25 02:05:01 2013
Wed Dec 25 02:06:01 2013
Wed Dec 25 02:07:01 2013
Wed Dec 25 02:08:01 2013
Wed Dec 25 02:09:01 2013
Wed Dec 25 02:10:01 2013
Wed Dec 25 02:11:01 2013
Wed Dec 25 02:12:01 2013
Wed Dec 25 02:13:01 2013
Wed Dec 25 02:14:01 2013
Wed Dec 25 02:15:01 2013
Wed Dec 25 02:16:01 2013
Wed Dec 25 02:17:01 2013
Wed Dec 25 02:18:01 2013
Wed Dec 25 02:19:01 2013
Wed Dec 25 02:20:01 2013
Wed Dec 25 02:21:01 2013
Wed Dec 25 02:22:01 2013
Wed Dec 25 02:23:01 2013
Wed Dec 25 02:24:01 2013
Wed Dec 25 02:25:01 2013
Wed Dec 25 02:26:01 2013
Wed Dec 25 02:27:01 2013
Wed Dec 25 02:28:01 2013
Wed Dec 25 02:29:01 2013
Wed Dec 25 02:30:01 2013
Wed Dec 25 02:31:01 2013
Wed Dec 25 02:32:01 2013
Wed Dec 25 02:33:01 2013
Wed Dec 25 02:34:01 2013
Wed Dec 25 02:35:01 2013
Wed Dec 25 02:36:01 2013
Wed Dec 25 02:37:01 2013
Wed Dec 25 02:38:01 2013
Wed Dec 25 02:39:01 2013
Wed Dec 25 02:40:01 2013
Wed Dec 25 02:41:01 2013
Wed Dec 25 02:42:01 2013
Wed Dec 25 02:43:01 2013
Wed Dec 25 02:44:01 2013
Wed Dec 25 02:45:01 2013
Wed Dec 25 02:46:01 2013
Wed Dec 25 02:47:01 2013
Wed Dec 25 02:48:01 2013
Wed Dec 25 02:49:01 2013
Wed Dec 25 02:50:01 2013
Wed Dec 25 02:51:01 2013
Wed Dec 25 02:52:01 2013
Wed Dec 25 02:53:01 2013
Wed Dec 25 02:54:01 2013
Wed Dec 25 02:55:01 2013
Wed Dec 25 02:56:01 2013
Wed Dec 25 02:57:01 2013
Wed Dec 25 02:58:01 2013
Wed Dec 25 02:59:01 2013
Wed Dec 25 03:00:01 2013
Wed Dec 25 03:01:01 2013
Wed Dec 25 03:02:01 2013
Wed Dec 25 03:03:01 2013
Wed Dec 25 03:04:01 2013
Wed Dec 25 03:05:01 2013
Wed Dec 25 03:06:01 2013
Wed Dec 25 03:07:01 2013
Wed Dec 25 03:08:01 2013
Wed Dec 25 03:09:01 2013
Wed Dec 25 03:10:01 2013
Wed Dec 25 03:11:01 2013
Wed Dec 25 03:12:01 2013
Wed Dec 25 03:13:01 2013
Wed Dec 25 03:14:01 2013
Wed Dec 25 03:15:01 2013
Wed Dec 25 03:16:01 2013
Wed Dec 25 03:17:01 2013
Wed Dec 25 03:18:01 2013
Wed Dec 25 03:19:01 2013
Wed Dec 25 03:20:01 2013
Wed Dec 25 03:21:01 2013
Wed Dec 25 03:22:01 2013
Wed Dec 25 03:23:01 2013
Wed Dec 25 03:24:01 2013
Wed Dec 25 03:25:01 2013
Wed Dec 25 03:26:01 2013
Wed Dec 25 03:27:01 2013
Wed Dec 25 03:28:01 2013
Wed Dec 25 03:29:01 2013
Wed Dec 25 03:30:01 2013
Wed Dec 25 03:31:01 2013
Wed Dec 25 03:32:01 2013
Wed Dec 25 03:33:01 2013
Wed Dec 25 03:34:01 2013
Wed Dec 25 03:35:01 2013
Wed Dec 25 03:36:01 2013
Wed Dec 25 03:37:01 2013
Wed Dec 25 03:38:01 2013
Wed Dec 25 03:39:01 2013
Wed Dec 25 03:40:01 2013
Wed Dec 25 03:41:01 2013
Wed Dec 25 03:42:01 2013
Wed Dec 25 03:43:01 2013
Wed Dec 25 03:44:01 2013
Wed Dec 25 03:45:01 2013
Wed Dec 25 03:46:01 2013
Wed Dec 25 03:47:01 2013
Wed Dec 25 03:48:01 2013
Wed Dec 25 03:49:01 2013
Wed Dec 25 03:50:01 2013
Wed Dec 25 03:51:01 2013
Wed Dec 25 03:52:01 2013
Wed Dec 25 03:53:01 2013
Wed Dec 25 03:54:01 2013
Wed Dec 25 03:55:01 2013
Wed Dec 25 03:56:01 2013
Wed Dec 25 03:57:01 2013
Wed Dec 25 03:58:01 2013
Wed Dec 25 03:59:01 2013
Wed Dec 25 04:00:01 2013
Wed Dec 25 04:01:01 2013
Wed Dec 25 04:02:01 2013
Wed Dec 25 04:03:01 2013
Wed Dec 25 04:04:01 2013
Wed Dec 25 04:05:01 2013
Wed Dec 25 04:06:01 2013
Wed Dec 25 04:07:01 2013
Wed Dec 25 04:08:01 2013
Wed Dec 25 04:09:01 2013
Wed Dec 25 04:10:01 2013
Wed Dec 25 04:11:01 2013
Wed Dec 25 04:12:01 2013
Wed Dec 25 04:13:01 2013
Wed Dec 25 04:14:01 2013
Wed Dec 25 04:15:01 2013
Wed Dec 25 04:16:01 2013
Wed Dec 25 04:17:01 2013
Wed Dec 25 04:18:01 2013
Wed Dec 25 04:19:01 2013
Wed Dec 25 04:20:01 2013
Wed Dec 25 04:21:01 2013
Wed Dec 25 04:22:01 2013
Wed Dec 25 04:23:01 2013
Wed Dec 25 04:24:01 2013
Wed Dec 25 04:25:01 2013
Wed Dec 25 04:26:01 2013
Wed Dec 25 04:27:01 2013
Wed Dec 25 04:28:01 2013
Wed Dec 25 04:29:01 2013
Wed Dec 25 04:30:01 2013
Wed Dec 25 04:31:01 2013
Wed Dec 25 04:32:01 2013
Wed Dec 25 04:33:01 2013
Wed Dec 25 04:34:01 2013
Wed Dec 25 04:35:01 2013
Wed Dec 25 04:36:01 2013
Wed Dec 25 04:37:01 2013
Wed Dec 25 04:38:01 2013
Wed Dec 25 04:39:01 2013
Wed Dec 25 04:40:01 2013
Wed Dec 25 04:41:01 2013
Wed Dec 25 04:42:01 2013
Wed Dec 25 04:43:01 2013
Wed Dec 25 04:44:01 2013
Wed Dec 25 04:45:01 2013
Wed Dec 25 04:46:01 2013
Wed Dec 25 04:47:01 2013
Wed Dec 25 04:48:01 2013
Wed Dec 25 04:49:01 2013
Wed Dec 25 04:50:01 2013
Wed Dec 25 04:51:01 2013
Wed Dec 25 04:52:01 2013
Wed Dec 25 04:53:01 2013
Wed Dec 25 04:54:01 2013
Wed Dec 25 04:55:01 2013
Wed Dec 25 04:56:01 2013
Wed Dec 25 04:57:01 2013
Wed Dec 25 04:58:01 2013
Wed Dec 25 04:59:01 2013
Wed Dec 25 05:00:01 2013
Wed Dec 25 05:01:01 2013
Wed Dec 25 05:02:01 2013
Wed Dec 25 05:03:01 2013
Wed Dec 25 05:04:01 2013
Wed Dec 25 05:05:01 2013
Wed Dec 25 05:06:01 2013
Wed Dec 25 05:07:01 2013
Wed Dec 25 05:08:01 2013
Wed Dec 25 05:09:01 2013
Wed Dec 25 05:10:01 2013
Wed Dec 25 05:11:01 2013
Wed Dec 25 05:12:01 2013
Wed Dec 25 05:13:01 2013
Wed Dec 25 05:14:01 2013
Wed Dec 25 05:15:01 2013
Wed Dec 25 05:16:01 2013
Wed Dec 25 05:17:01 2013
Wed Dec 25 05:18:01 2013
Wed Dec 25 05:19:01 2013
Wed Dec 25 05:20:01 2013
Wed Dec 25 05:21:01 2013
Wed Dec 25 05:22:01 2013
Wed Dec 25 05:23:01 2013
Wed Dec 25 05:24:01 2013
Wed Dec 25 05:25:01 2013
Wed Dec 25 05:26:01 2013
Wed Dec 25 05:27:01 2013
Wed Dec 25 05:28:01 2013
Wed Dec 25 05:29:01 2013
Wed Dec 25 05:30:01 2013
Wed Dec 25 05:31:01 2013
Wed Dec 25 05:32:01 2013
Wed Dec 25 05:33:01 2013
Wed Dec 25 05:34:01 2013
Wed Dec 25 05:35:01 2013
Wed Dec 25 05:36:01 2013
Wed Dec 25 05:37:01 2013
Wed Dec 25 05:38:01 2013
Wed Dec 25 05:39:01 2013
Wed Dec 25 05:40:01 2013
Wed Dec 25 05:41:01 2013
Wed Dec 25 05:42:01 2013
Wed Dec 25 05:43:01 2013
Wed Dec 25 05:44:01 2013
Wed Dec 25 05:45:01 2013
Wed Dec 25 05:46:01 2013
Wed Dec 25 05:47:01 2013
Wed Dec 25 05:48:01 2013
Wed Dec 25 05:49:01 2013
Wed Dec 25 05:50:01 2013
Wed Dec 25 05:51:01 2013
Wed Dec 25 05:52:01 2013
Wed Dec 25 05:53:01 2013
Wed Dec 25 05:54:01 2013
Wed Dec 25 05:55:01 2013
Wed Dec 25 05:56:01 2013
Wed Dec 25 05:57:01 2013
Wed Dec 25 05:58:01 2013
Wed Dec 25 13:59:01 2013
Wed Dec 25 14:00:01 2013
Wed Dec 25 14:01:01 2013
Wed Dec 25 14:02:01 2013
Wed Dec 25 14:03:01 2013
Wed Dec 25 14:04:01 2013
Wed Dec 25 14:05:01 2013
Wed Dec 25 14:06:01 2013
Wed Dec 25 14:07:01 2013
Wed Dec 25 14:08:01 2013
Wed Dec 25 14:09:01 2013
Wed Dec 25 14:10:01 2013
Wed Dec 25 14:11:01 2013
Wed Dec 25 14:12:01 2013
Wed Dec 25 14:13:01 2013
Wed Dec 25 14:14:01 2013
Wed Dec 25 14:15:01 2013
Wed Dec 25 14:16:01 2013
Wed Dec 25 14:17:01 2013
Wed Dec 25 14:18:01 2013
Wed Dec 25 14:19:01 2013
Wed Dec 25 14:20:01 2013
Wed Dec 25 14:21:01 2013
Wed Dec 25 14:22:01 2013
Wed Dec 25 14:23:01 2013
Wed Dec 25 14:24:01 2013
Wed Dec 25 14:25:01 2013
Wed Dec 25 14:26:01 2013
Wed Dec 25 14:27:01 2013
Wed Dec 25 14:28:01 2013
Wed Dec 25 14:29:01 2013
Wed Dec 25 14:30:01 2013
Wed Dec 25 14:31:01 2013
Wed Dec 25 14:32:01 2013
Wed Dec 25 14:33:01 2013
Wed Dec 25 14:34:01 2013
Wed Dec 25 14:35:01 2013
Wed Dec 25 14:36:01 2013
Wed Dec 25 14:37:01 2013
Wed Dec 25 14:38:01 2013
Wed Dec 25 14:39:01 2013
Wed Dec 25 14:40:01 2013
Wed Dec 25 14:41:01 2013
Wed Dec 25 14:42:01 2013
Wed Dec 25 14:43:01 2013
Wed Dec 25 14:44:01 2013
Wed Dec 25 14:45:01 2013
Wed Dec 25 14:46:01 2013
Wed Dec 25 14:47:01 2013
Wed Dec 25 14:48:01 2013
Wed Dec 25 14:49:01 2013
Wed Dec 25 14:50:01 2013
Wed Dec 25 14:51:01 2013
Wed Dec 25 14:52:01 2013
Wed Dec 25 14:53:01 2013
Wed Dec 25 14:54:01 2013
Wed Dec 25 14:55:01 2013
Wed Dec 25 14:56:01 2013
Wed Dec 25 14:57:01 2013
Wed Dec 25 14:58:01 2013
Wed Dec 25 14:59:01 2013
Wed Dec 25 15:00:01 2013
Wed Dec 25 15:01:01 2013
Wed Dec 25 15:02:01 2013
Wed Dec 25 15:03:01 2013
Wed Dec 25 15:04:01 2013
Wed Dec 25 15:05:01 2013
Wed Dec 25 15:06:01 2013
Wed Dec 25 15:07:01 2013
Wed Dec 25 15:08:01 2013
Wed Dec 25 15:09:01 2013
Wed Dec 25 15:10:01 2013
Wed Dec 25 15:11:01 2013
Wed Dec 25 15:12:01 2013
Wed Dec 25 15:13:01 2013
Wed Dec 25 15:14:01 2013
Wed Dec 25 15:15:01 2013
Wed Dec 25 15:16:01 2013
Wed Dec 25 15:17:01 2013
Wed Dec 25 15:18:01 2013
Wed Dec 25 15:19:01 2013
Wed Dec 25 15:20:01 2013
Wed Dec 25 15:21:01 2013
Wed Dec 25 15:22:01 2013
Wed Dec 25 15:23:01 2013
Wed Dec 25 15:24:01 2013
Wed Dec 25 15:25:01 2013
Wed Dec 25 15:26:01 2013
Wed Dec 25 15:27:01 2013
Wed Dec 25 15:28:01 2013
Wed Dec 25 15:29:01 2013
Wed Dec 25 15:30:01 2013
Wed Dec 25 15:31:01 2013
Wed Dec 25 15:32:01 2013
Wed Dec 25 15:33:01 2013
Wed Dec 25 15:34:01 2013
Wed Dec 25 15:35:01 2013
Wed Dec 25 15:36:01 2013
Wed Dec 25 15:37:01 2013
Wed Dec 25 15:38:01 2013
Wed Dec 25 15:39:01 2013
Wed Dec 25 15:40:01 2013
Wed Dec 25 15:41:01 2013
Wed Dec 25 15:42:01 2013
Wed Dec 25 15:43:01 2013
Wed Dec 25 15:44:01 2013
Wed Dec 25 15:45:01 2013
Wed Dec 25 15:46:01 2013
Wed Dec 25 15:47:01 2013
Wed Dec 25 15:48:01 2013
Wed Dec 25 15:49:01 2013
Wed Dec 25 15:50:01 2013
Wed Dec 25 15:51:01 2013
Wed Dec 25 15:52:01 2013
Wed Dec 25 15:53:01 2013
Wed Dec 25 15:54:01 2013
Wed Dec 25 15:55:01 2013
Wed Dec 25 15:56:01 2013
Wed Dec 25 15:57:01 2013
Wed Dec 25 15:58:01 2013
Wed Dec 25 15:59:01 2013
Wed Dec 25 16:00:01 2013
Wed Dec 25 16:01:01 2013
Wed Dec 25 16:02:01 2013
Wed Dec 25 16:03:01 2013
Wed Dec 25 16:04:01 2013
Wed Dec 25 16:05:01 2013
Wed Dec 25 16:06:01 2013
Wed Dec 25 16:07:01 2013
Wed Dec 25 16:08:01 2013
Wed Dec 25 16:09:01 2013
Wed Dec 25 16:10:01 2013
Wed Dec 25 16:11:01 2013
Wed Dec 25 16:12:01 2013
Wed Dec 25 16:13:01 2013
Wed Dec 25 16:14:01 2013
Wed Dec 25 16:15:01 2013
Wed Dec 25 16:16:01 2013
Wed Dec 25 16:17:01 2013
Wed Dec 25 16:18:01 2013
Wed Dec 25 16:19:01 2013
Wed Dec 25 16:20:01 2013
Wed Dec 25 16:21:01 2013
Wed Dec 25 16:22:01 2013
Wed Dec 25 16:23:01 2013
Wed Dec 25 16:24:01 2013
Wed Dec 25 16:25:01 2013
Wed Dec 25 16:26:01 2013
Wed Dec 25 16:27:01 2013
Wed Dec 25 16:28:01 2013
Wed Dec 25 16:29:01 2013
Wed Dec 25 16:30:01 2013
Wed Dec 25 16:31:01 2013
Wed Dec 25 16:32:01 2013
Wed Dec 25 16:33:01 2013
Wed Dec 25 16:34:01 2013
Wed Dec 25 16:35:01 2013
Wed Dec 25 16:36:01 2013
Wed Dec 25 16:37:01 2013
Wed Dec 25 16:38:01 2013
Wed Dec 25 16:39:01 2013
Wed Dec 25 16:40:01 2013
Wed Dec 25 16:41:01 2013
Wed Dec 25 16:42:01 2013
Wed Dec 25 16:43:01 2013
Wed Dec 25 16:44:01 2013
Wed Dec 25 16:45:01 2013
Wed Dec 25 16:46:01 2013
Wed Dec 25 16:47:01 2013
Wed Dec 25 16:48:01 2013
Wed Dec 25 16:49:01 2013
Wed Dec 25 16:50:01 2013
Wed Dec 25 16:51:01 2013
Wed Dec 25 16:52:01 2013
Wed Dec 25 16:53:01 2013
Wed Dec 25 16:54:01 2013
Wed Dec 25 16:55:01 2013
Wed Dec 25 16:56:01 2013
Wed Dec 25 16:57:01 2013
Wed Dec 25 16:58:01 2013
Wed Dec 25 16:59:01 2013
Wed Dec 25 17:00:01 2013
Wed Dec 25 17:01:01 2013
Wed Dec 25 17:02:01 2013
Wed Dec 25 17:03:01 2013
Wed Dec 25 17:04:01 2013
Wed Dec 25 17:05:01 2013
Wed Dec 25 17:06:01 2013
Wed Dec 25 17:07:01 2013
Wed Dec 25 17:08:01 2013
Wed Dec 25 17:09:01 2013
Wed Dec 25 17:10:01 2013
Wed Dec 25 17:11:01 2013
Wed Dec 25 17:12:01 2013
Wed Dec 25 17:13:01 2013
Wed Dec 25 17:14:01 2013
Wed Dec 25 17:15:01 2013
Wed Dec 25 17:16:01 2013
Wed Dec 25 17:17:01 2013
Wed Dec 25 17:18:01 2013
Wed Dec 25 17:19:01 2013
Wed Dec 25 17:20:01 2013
Wed Dec 25 17:21:01 2013
Wed Dec 25 17:22:01 2013
Wed Dec 25 17:23:01 2013
Wed Dec 25 17:24:01 2013
Wed Dec 25 17:25:01 2013
Wed Dec 25 17:26:01 2013
Wed Dec 25 17:27:01 2013
Wed Dec 25 17:28:01 2013
Wed Dec 25 17:29:01 2013
Wed Dec 25 17:30:01 2013
Wed Dec 25 17:31:01 2013
Wed Dec 25 17:32:01 2013
Wed Dec 25 17:33:01 2013
Wed Dec 25 17:34:01 2013
Wed Dec 25 17:35:01 2013
Wed Dec 25 17:36:01 2013
Wed Dec 25 17:37:01 2013
Wed Dec 25 17:38:01 2013
Wed Dec 25 17:39:01 2013
Wed Dec 25 17:40:01 2013
Wed Dec 25 17:41:01 2013
Wed Dec 25 17:42:01 2013
Wed Dec 25 17:43:01 2013
Wed Dec 25 17:44:01 2013
Wed Dec 25 17:45:01 2013
Wed Dec 25 17:46:01 2013
Wed Dec 25 17:47:01 2013
Wed Dec 25 17:48:01 2013
Wed Dec 25 17:49:01 2013
Wed Dec 25 17:50:01 2013
Wed Dec 25 17:51:01 2013
Wed Dec 25 17:52:01 2013
Wed Dec 25 17:53:01 2013
Wed Dec 25 17:54:01 2013
Wed Dec 25 17:55:01 2013
Wed Dec 25 17:56:01 2013
Wed Dec 25 17:57:01 2013
Wed Dec 25 17:58:01 2013
